[xgio.net/winters/index.html]
[backblue.gif]
[fade.gif]
[index.html]
[xgio.net/winters/css/lib/bootstrap.min.css]
[xgio.net/winters/css/lib/owl.carousel.css]
[xgio.net/winters/css/lib/font-awesome.min.css]
[xgio.net/winters/css/style.css]
[xgio.net/winters/images/logo.png]
[xgio.net/winters/index-2.html]
[xgio.net/winters/grid.html]
[xgio.net/winters/grid-rightsidebar.html]
[xgio.net/winters/grid-leftsidebar.html]
[xgio.net/winters/list.html]
[xgio.net/winters/list-rightsidebar.html]
[xgio.net/winters/list-leftsidebar.html]
[xgio.net/winters/timeline.html]
[xgio.net/winters/timeline-rightsidebar.html]
[xgio.net/winters/timeline-leftsidebar.html]
[xgio.net/winters/standard.html]
[xgio.net/winters/standard-leftsidebar.html]
[xgio.net/winters/about.html]
[xgio.net/winters/images/popular-post/1.jpg]
[xgio.net/winters/category.html]
[xgio.net/winters/images/popular-post/2.jpg]
[xgio.net/winters/single.html]
[xgio.net/winters/images/popular-post/3.jpg]
[xgio.net/winters/contact.html]
[xgio.net/winters/images/feature/1.jpg]
[xgio.net/winters/images/feature/2.jpg]
[xgio.net/winters/images/feature/3.jpg]
[xgio.net/winters/images/feature/4.jpg]
[xgio.net/winters/images/feature/5.jpg]
[xgio.net/winters/images/blog/25.jpg]
[xgio.net/winters/images/author/1.jpg]
[xgio.net/winters/images/blog/2.jpg]
[xgio.net/winters/images/blog/3.jpg]
[xgio.net/winters/images/blog/4.jpg]
[xgio.net/winters/images/2.jpg]
[xgio.net/winters/images/latest/1.jpg]
[xgio.net/winters/images/latest/2.jpg]
[xgio.net/winters/images/latest/3.jpg]
[xgio.net/winters/images/flickr/1.jpg]
[xgio.net/winters/images/flickr/2.jpg]
[xgio.net/winters/images/flickr/3.jpg]
[xgio.net/winters/images/flickr/4.jpg]
[xgio.net/winters/images/flickr/5.jpg]
[xgio.net/winters/images/flickr/6.jpg]
[xgio.net/winters/images/flickr/7.jpg]
[xgio.net/winters/images/flickr/8.jpg]
[xgio.net/winters/images/flickr/9.jpg]
[xgio.net/winters/twitter/index.html]
[xgio.net/winters/js/lib/jquery-1.11.2.min.js]
[xgio.net/winters/js/lib/jquery.owl.carousel.js]
[xgio.net/winters/js/lib/jquery.tweet.min.js]
[xgio.net/winters/js/lib/masonry.pkgd.min.js]
[xgio.net/winters/js/lib/retina.min.js]
[xgio.net/winters/index.html]
[xgio.net/winters/js/scripts.js]
[xgio.net/winters/css/fonts/glyphicons-halflings-regular.eot]
[xgio.net/winters/css/fonts/glyphicons-halflings-regulard41d.eot]
[xgio.net/winters/css/fonts/glyphicons-halflings-regular.woff]
[xgio.net/winters/css/fonts/glyphicons-halflings-regular.ttf]
[xgio.net/winters/css/fonts/glyphicons-halflings-regular.svg]
[xgio.net/winters/css/lib/bootstrap.min.css]
[xgio.net/winters/css/lib/grabbing.png]
[xgio.net/winters/css/lib/owl.carousel.css]
[xgio.net/winters/css/fonts/fontawesome-webfont78ce.eot]
[xgio.net/winters/css/fonts/fontawesome-webfontd41d.eot]
[xgio.net/winters/css/fonts/fontawesome-webfont78ce.woff]
[xgio.net/winters/css/fonts/fontawesome-webfont78ce.ttf]
[xgio.net/winters/css/fonts/fontawesome-webfont78ce.svg]
[xgio.net/winters/css/lib/font-awesome.min.css]
[xgio.net/winters/images/blog/770x500.gif]
[xgio.net/winters/css/style.css]
[xgio.net/winters/index-2.html]
[xgio.net/winters/images/blog/grid/1.jpg]
[xgio.net/winters/blog-single.html]
[xgio.net/winters/images/blog/grid/2.jpg]
[xgio.net/winters/images/blog/grid/3.jpg]
[xgio.net/winters/images/blog/grid/4.jpg]
[xgio.net/winters/grid.html]
[xgio.net/winters/grid-rightsidebar.html]
[xgio.net/winters/grid-leftsidebar.html]
[xgio.net/winters/images/blog/list/1.jpg]
[xgio.net/winters/images/blog/list/2.jpg]
[xgio.net/winters/images/blog/list/3.jpg]
[xgio.net/winters/images/blog/list/4.jpg]
[xgio.net/winters/images/blog/list/5.jpg]
[xgio.net/winters/images/blog/list/6.jpg]
[xgio.net/winters/images/blog/list/7.jpg]
[xgio.net/winters/images/blog/list/8.jpg]
[xgio.net/winters/list.html]
[xgio.net/winters/list-rightsidebar.html]
[xgio.net/winters/list-leftsidebar.html]
[xgio.net/winters/timeline.html]
[xgio.net/winters/timeline-rightsidebar.html]
[xgio.net/winters/timeline-leftsidebar.html]
[xgio.net/winters/standard.html]
[xgio.net/winters/standard-leftsidebar.html]
[xgio.net/winters/images/1.jpg]
[xgio.net/winters/images/signature.png]
[xgio.net/winters/about.html]
[xgio.net/winters/category.html]
[xgio.net/winters/images/blog/1.jpg]
[xgio.net/winters/images/blog/12.jpg]
[xgio.net/winters/single.html]
[xgio.net/winters/images/captcha-demo.png]
[xgio.net/winters/contact.html]
[xgio.net/winters/twitter/index.html]
[xgio.net/winters/js/lib/jquery-1.11.2.min.js]
[xgio.net/winters/js/lib/jquery.owl.carousel.js]
[xgio.net/winters/js/lib/jquery.tweet.min.js]
[xgio.net/winters/js/lib/masonry.pkgd.min.js]
[xgio.net/winters/HEAD]
[xgio.net/winters/js/lib/retina.min.js]
[xgio.net/winters/js/scripts.js]
[xgio.net/winters/css/fonts/glyphicons-halflings-regular.html]
[xgio.net/winters/css/fonts/glyphicons-halflings-regulard41d.html]
[xgio.net/winters/css/fonts/glyphicons-halflings-regular-2.html]
[xgio.net/winters/css/fonts/glyphicons-halflings-regular-3.html]
[xgio.net/winters/css/fonts/glyphicons-halflings-regular-4.html]
[xgio.net/winters/css/lib/grabbing.html]
[xgio.net/winters/css/fonts/fontawesome-webfont78ce.svg]
[xgio.net/winters/images/blog/770x500.html]
[xgio.net/winters/blog-single.html]
[xgio.net/winters/HEAD.html]
